Archive member included because of file (symbol)

d:/freescale/kds_v3/toolchain/bin/../lib/gcc/arm-none-eabi/4.8.4/../../../../arm-none-eabi/lib/armv7e-m/fpu\libg_s.a(lib_a-exit.o)
                              d:/freescale/kds_v3/toolchain/bin/../lib/gcc/arm-none-eabi/4.8.4/../../../../arm-none-eabi/lib/armv7e-m/fpu/crt0.o (exit)
d:/freescale/kds_v3/toolchain/bin/../lib/gcc/arm-none-eabi/4.8.4/../../../../arm-none-eabi/lib/armv7e-m/fpu\libg_s.a(lib_a-impure.o)
                              d:/freescale/kds_v3/toolchain/bin/../lib/gcc/arm-none-eabi/4.8.4/../../../../arm-none-eabi/lib/armv7e-m/fpu\libg_s.a(lib_a-exit.o) (_global_impure_ptr)
d:/freescale/kds_v3/toolchain/bin/../lib/gcc/arm-none-eabi/4.8.4/../../../../arm-none-eabi/lib/armv7e-m/fpu\libg_s.a(lib_a-init.o)
                              d:/freescale/kds_v3/toolchain/bin/../lib/gcc/arm-none-eabi/4.8.4/../../../../arm-none-eabi/lib/armv7e-m/fpu/crt0.o (__libc_init_array)
d:/freescale/kds_v3/toolchain/bin/../lib/gcc/arm-none-eabi/4.8.4/../../../../arm-none-eabi/lib/armv7e-m/fpu\libg_s.a(lib_a-memset.o)
                              d:/freescale/kds_v3/toolchain/bin/../lib/gcc/arm-none-eabi/4.8.4/../../../../arm-none-eabi/lib/armv7e-m/fpu/crt0.o (memset)
d:/freescale/kds_v3/toolchain/bin/../lib/gcc/arm-none-eabi/4.8.4/../../../../arm-none-eabi/lib/armv7e-m/fpu\libnosys.a(_exit.o)
                              d:/freescale/kds_v3/toolchain/bin/../lib/gcc/arm-none-eabi/4.8.4/../../../../arm-none-eabi/lib/armv7e-m/fpu\libg_s.a(lib_a-exit.o) (_exit)

Allocating common symbols
Common symbol       size              file

Packet_Parameter1   0x1               ./Sources/packet.o
Packet_Parameter3   0x1               ./Sources/packet.o
SR_reg              0x1               ./Generated_Code/Cpu.o
Packet_Command      0x1               ./Sources/packet.o
Packet_Parameter2   0x1               ./Sources/packet.o
Packet_Checksum     0x1               ./Sources/packet.o
PACKET_ACK_MASK     0x1               ./Sources/main.o

Discarded input sections

 .text          0x00000000        0x0 d:/freescale/kds_v3/toolchain/bin/../lib/gcc/arm-none-eabi/4.8.4/armv7e-m/fpu/crti.o
 .data          0x00000000        0x0 d:/freescale/kds_v3/toolchain/bin/../lib/gcc/arm-none-eabi/4.8.4/armv7e-m/fpu/crti.o
 .bss           0x00000000        0x0 d:/freescale/kds_v3/toolchain/bin/../lib/gcc/arm-none-eabi/4.8.4/armv7e-m/fpu/crti.o
 .data          0x00000000        0x4 d:/freescale/kds_v3/toolchain/bin/../lib/gcc/arm-none-eabi/4.8.4/armv7e-m/fpu/crtbegin.o
 .data          0x00000000        0x0 d:/freescale/kds_v3/toolchain/bin/../lib/gcc/arm-none-eabi/4.8.4/../../../../arm-none-eabi/lib/armv7e-m/fpu/crt0.o
 .bss           0x00000000        0x0 d:/freescale/kds_v3/toolchain/bin/../lib/gcc/arm-none-eabi/4.8.4/../../../../arm-none-eabi/lib/armv7e-m/fpu/crt0.o
 .ARM.extab     0x00000000        0x0 d:/freescale/kds_v3/toolchain/bin/../lib/gcc/arm-none-eabi/4.8.4/../../../../arm-none-eabi/lib/armv7e-m/fpu/crt0.o
 .group         0x00000000        0x8 ./Sources/FIFO.o
 .group         0x00000000        0x8 ./Sources/FIFO.o
 .group         0x00000000        0x8 ./Sources/FIFO.o
 .group         0x00000000        0x8 ./Sources/FIFO.o
 .group         0x00000000        0x8 ./Sources/FIFO.o
 .text          0x00000000        0x0 ./Sources/FIFO.o
 .data          0x00000000        0x0 ./Sources/FIFO.o
 .bss           0x00000000        0x0 ./Sources/FIFO.o
 .group         0x00000000        0x8 ./Sources/UART.o
 .group         0x00000000        0x8 ./Sources/UART.o
 .group         0x00000000        0x8 ./Sources/UART.o
 .group         0x00000000        0x8 ./Sources/UART.o
 .group         0x00000000        0x8 ./Sources/UART.o
 .group         0x00000000        0x8 ./Sources/UART.o
 .group         0x00000000        0x8 ./Sources/UART.o
 .group         0x00000000        0x8 ./Sources/UART.o
 .group         0x00000000        0x8 ./Sources/UART.o
 .group         0x00000000        0x8 ./Sources/UART.o
 .group         0x00000000        0x8 ./Sources/UART.o
 .text          0x00000000        0x0 ./Sources/UART.o
 .data          0x00000000        0x0 ./Sources/UART.o
 .bss           0x00000000        0x0 ./Sources/UART.o
 .debug_macro   0x00000000      0x850 ./Sources/UART.o
 .debug_macro   0x00000000       0x16 ./Sources/UART.o
 .debug_macro   0x00000000       0x44 ./Sources/UART.o
 .debug_macro   0x00000000      0x209 ./Sources/UART.o
 .debug_macro   0x00000000       0x22 ./Sources/UART.o
 .group         0x00000000        0x8 ./Sources/main.o
 .group         0x00000000        0x8 ./Sources/main.o
 .group         0x00000000        0x8 ./Sources/main.o
 .group         0x00000000        0x8 ./Sources/main.o
 .group         0x00000000        0x8 ./Sources/main.o
 .group         0x00000000        0x8 ./Sources/main.o
 .group         0x00000000        0x8 ./Sources/main.o
 .group         0x00000000        0x8 ./Sources/main.o
 .group         0x00000000        0x8 ./Sources/main.o
 .group         0x00000000        0x8 ./Sources/main.o
 .group         0x00000000        0x8 ./Sources/main.o
 .text          0x00000000        0x0 ./Sources/main.o
 .data          0x00000000        0x0 ./Sources/main.o
 .bss           0x00000000        0x0 ./Sources/main.o
 .debug_macro   0x00000000      0x850 ./Sources/main.o
 .debug_macro   0x00000000       0x16 ./Sources/main.o
 .debug_macro   0x00000000       0x44 ./Sources/main.o
 .debug_macro   0x00000000      0x209 ./Sources/main.o
 .debug_macro   0x00000000     0x17fa ./Sources/main.o
 .debug_macro   0x00000000      0x14e ./Sources/main.o
 .debug_macro   0x00000000       0x64 ./Sources/main.o
 .debug_macro   0x00000000    0x174c1 ./Sources/main.o
 .debug_macro   0x00000000       0x8e ./Sources/main.o
 .debug_macro   0x00000000       0x22 ./Sources/main.o
 COMMON         0x00000000        0x1 ./Sources/main.o
 .group         0x00000000        0x8 ./Sources/packet.o
 .group         0x00000000        0x8 ./Sources/packet.o
 .group         0x00000000        0x8 ./Sources/packet.o
 .group         0x00000000        0x8 ./Sources/packet.o
 .group         0x00000000        0x8 ./Sources/packet.o
 .group         0x00000000        0x8 ./Sources/packet.o
 .text          0x00000000        0x0 ./Sources/packet.o
 .data          0x00000000        0x0 ./Sources/packet.o
 .bss           0x00000000        0x0 ./Sources/packet.o
 .debug_macro   0x00000000      0x850 ./Sources/packet.o
 .debug_macro   0x00000000       0x16 ./Sources/packet.o
 .debug_macro   0x00000000       0x44 ./Sources/packet.o
 .debug_macro   0x00000000      0x209 ./Sources/packet.o
 .debug_macro   0x00000000       0x22 ./Sources/packet.o
 .group         0x00000000        0x8 ./Project_Settings/Startup_Code/startup.o
 .group         0x00000000        0x8 ./Project_Settings/Startup_Code/startup.o
 .group         0x00000000        0x8 ./Project_Settings/Startup_Code/startup.o
 .group         0x00000000        0x8 ./Project_Settings/Startup_Code/startup.o
 .group         0x00000000        0x8 ./Project_Settings/Startup_Code/startup.o
 .group         0x00000000        0x8 ./Project_Settings/Startup_Code/startup.o
 .group         0x00000000        0x8 ./Project_Settings/Startup_Code/startup.o
 .group         0x00000000        0x8 ./Project_Settings/Startup_Code/startup.o
 .group         0x00000000        0x8 ./Project_Settings/Startup_Code/startup.o
 .group         0x00000000        0x8 ./Project_Settings/Startup_Code/startup.o
 .group         0x00000000        0x8 ./Project_Settings/Startup_Code/startup.o
 .group         0x00000000        0x8 ./Project_Settings/Startup_Code/startup.o
 .group         0x00000000        0x8 ./Project_Settings/Startup_Code/startup.o
 .group         0x00000000        0x8 ./Project_Settings/Startup_Code/startup.o
 .group         0x00000000        0x8 ./Project_Settings/Startup_Code/startup.o
 .group         0x00000000        0x8 ./Project_Settings/Startup_Code/startup.o
 .group         0x00000000        0x8 ./Project_Settings/Startup_Code/startup.o
 .group         0x00000000        0x8 ./Project_Settings/Startup_Code/startup.o
 .group         0x00000000        0x8 ./Project_Settings/Startup_Code/startup.o
 .text          0x00000000        0x0 ./Project_Settings/Startup_Code/startup.o
 .data          0x00000000        0x0 ./Project_Settings/Startup_Code/startup.o
 .bss           0x00000000        0x0 ./Project_Settings/Startup_Code/startup.o
 .text.__init_hardware
                0x00000000        0xc ./Project_Settings/Startup_Code/startup.o
 .text.__iar_program_start
                0x00000000        0xc ./Project_Settings/Startup_Code/startup.o
 .debug_macro   0x00000000      0x850 ./Project_Settings/Startup_Code/startup.o
 .debug_macro   0x00000000       0x16 ./Project_Settings/Startup_Code/startup.o
 .group         0x00000000        0x8 ./Generated_Code/Cpu.o
 .group         0x00000000        0x8 ./Generated_Code/Cpu.o
 .group         0x00000000        0x8 ./Generated_Code/Cpu.o
 .group         0x00000000        0x8 ./Generated_Code/Cpu.o
 .group         0x00000000        0x8 ./Generated_Code/Cpu.o
 .group         0x00000000        0x8 ./Generated_Code/Cpu.o
 .group         0x00000000        0x8 ./Generated_Code/Cpu.o
 .group         0x00000000        0x8 ./Generated_Code/Cpu.o
 .group         0x00000000        0x8 ./Generated_Code/Cpu.o
 .text          0x00000000        0x0 ./Generated_Code/Cpu.o
 .data          0x00000000        0x0 ./Generated_Code/Cpu.o
 .bss           0x00000000        0x0 ./Generated_Code/Cpu.o
 .bss.SR_lock   0x00000000        0x1 ./Generated_Code/Cpu.o
 .debug_macro   0x00000000      0x850 ./Generated_Code/Cpu.o
 .debug_macro   0x00000000       0x16 ./Generated_Code/Cpu.o
 .debug_macro   0x00000000       0x44 ./Generated_Code/Cpu.o
 .debug_macro   0x00000000      0x209 ./Generated_Code/Cpu.o
 .debug_macro   0x00000000     0x17fa ./Generated_Code/Cpu.o
 .debug_macro   0x00000000      0x14e ./Generated_Code/Cpu.o
 .debug_macro   0x00000000       0x64 ./Generated_Code/Cpu.o
 .debug_macro   0x00000000    0x174c1 ./Generated_Code/Cpu.o
 COMMON         0x00000000        0x1 ./Generated_Code/Cpu.o
 .group         0x00000000        0x8 ./Generated_Code/Vectors.o
 .group         0x00000000        0x8 ./Generated_Code/Vectors.o
 .group         0x00000000        0x8 ./Generated_Code/Vectors.o
 .group         0x00000000        0x8 ./Generated_Code/Vectors.o
 .group         0x00000000        0x8 ./Generated_Code/Vectors.o
 .group         0x00000000        0x8 ./Generated_Code/Vectors.o
 .group         0x00000000        0x8 ./Generated_Code/Vectors.o
 .group         0x00000000        0x8 ./Generated_Code/Vectors.o
 .group         0x00000000        0x8 ./Generated_Code/Vectors.o
 .text          0x00000000        0x0 ./Generated_Code/Vectors.o
 .data          0x00000000        0x0 ./Generated_Code/Vectors.o
 .bss           0x00000000        0x0 ./Generated_Code/Vectors.o
 .debug_macro   0x00000000      0x850 ./Generated_Code/Vectors.o
 .debug_macro   0x00000000       0x16 ./Generated_Code/Vectors.o
 .debug_macro   0x00000000       0x44 ./Generated_Code/Vectors.o
 .debug_macro   0x00000000      0x209 ./Generated_Code/Vectors.o
 .debug_macro   0x00000000     0x17fa ./Generated_Code/Vectors.o
 .debug_macro   0x00000000      0x14e ./Generated_Code/Vectors.o
 .debug_macro   0x00000000       0x64 ./Generated_Code/Vectors.o
 .debug_macro   0x00000000    0x174c1 ./Generated_Code/Vectors.o
 .debug_macro   0x00000000       0x8e ./Generated_Code/Vectors.o
 .text          0x00000000        0x0 d:/freescale/kds_v3/toolchain/bin/../lib/gcc/arm-none-eabi/4.8.4/../../../../arm-none-eabi/lib/armv7e-m/fpu\libg_s.a(lib_a-exit.o)
 .data          0x00000000        0x0 d:/freescale/kds_v3/toolchain/bin/../lib/gcc/arm-none-eabi/4.8.4/../../../../arm-none-eabi/lib/armv7e-m/fpu\libg_s.a(lib_a-exit.o)
 .bss           0x00000000        0x0 d:/freescale/kds_v3/toolchain/bin/../lib/gcc/arm-none-eabi/4.8.4/../../../../arm-none-eabi/lib/armv7e-m/fpu\libg_s.a(lib_a-exit.o)
 .text          0x00000000        0x0 d:/freescale/kds_v3/toolchain/bin/../lib/gcc/arm-none-eabi/4.8.4/../../../../arm-none-eabi/lib/armv7e-m/fpu\libg_s.a(lib_a-impure.o)
 .data          0x00000000        0x0 d:/freescale/kds_v3/toolchain/bin/../lib/gcc/arm-none-eabi/4.8.4/../../../../arm-none-eabi/lib/armv7e-m/fpu\libg_s.a(lib_a-impure.o)
 .bss           0x00000000        0x0 d:/freescale/kds_v3/toolchain/bin/../lib/gcc/arm-none-eabi/4.8.4/../../../../arm-none-eabi/lib/armv7e-m/fpu\libg_s.a(lib_a-impure.o)
 .data._impure_ptr
                0x00000000        0x4 d:/freescale/kds_v3/toolchain/bin/../lib/gcc/arm-none-eabi/4.8.4/../../../../arm-none-eabi/lib/armv7e-m/fpu\libg_s.a(lib_a-impure.o)
 .text          0x00000000        0x0 d:/freescale/kds_v3/toolchain/bin/../lib/gcc/arm-none-eabi/4.8.4/../../../../arm-none-eabi/lib/armv7e-m/fpu\libg_s.a(lib_a-init.o)
 .data          0x00000000        0x0 d:/freescale/kds_v3/toolchain/bin/../lib/gcc/arm-none-eabi/4.8.4/../../../../arm-none-eabi/lib/armv7e-m/fpu\libg_s.a(lib_a-init.o)
 .bss           0x00000000        0x0 d:/freescale/kds_v3/toolchain/bin/../lib/gcc/arm-none-eabi/4.8.4/../../../../arm-none-eabi/lib/armv7e-m/fpu\libg_s.a(lib_a-init.o)
 .text          0x00000000        0x0 d:/freescale/kds_v3/toolchain/bin/../lib/gcc/arm-none-eabi/4.8.4/../../../../arm-none-eabi/lib/armv7e-m/fpu\libg_s.a(lib_a-memset.o)
 .data          0x00000000        0x0 d:/freescale/kds_v3/toolchain/bin/../lib/gcc/arm-none-eabi/4.8.4/../../../../arm-none-eabi/lib/armv7e-m/fpu\libg_s.a(lib_a-memset.o)
 .bss           0x00000000        0x0 d:/freescale/kds_v3/toolchain/bin/../lib/gcc/arm-none-eabi/4.8.4/../../../../arm-none-eabi/lib/armv7e-m/fpu\libg_s.a(lib_a-memset.o)
 .text          0x00000000        0x0 d:/freescale/kds_v3/toolchain/bin/../lib/gcc/arm-none-eabi/4.8.4/../../../../arm-none-eabi/lib/armv7e-m/fpu\libnosys.a(_exit.o)
 .data          0x00000000        0x0 d:/freescale/kds_v3/toolchain/bin/../lib/gcc/arm-none-eabi/4.8.4/../../../../arm-none-eabi/lib/armv7e-m/fpu\libnosys.a(_exit.o)
 .bss           0x00000000        0x0 d:/freescale/kds_v3/toolchain/bin/../lib/gcc/arm-none-eabi/4.8.4/../../../../arm-none-eabi/lib/armv7e-m/fpu\libnosys.a(_exit.o)
 .text          0x00000000        0x0 d:/freescale/kds_v3/toolchain/bin/../lib/gcc/arm-none-eabi/4.8.4/armv7e-m/fpu/crtend.o
 .data          0x00000000        0x0 d:/freescale/kds_v3/toolchain/bin/../lib/gcc/arm-none-eabi/4.8.4/armv7e-m/fpu/crtend.o
 .bss           0x00000000        0x0 d:/freescale/kds_v3/toolchain/bin/../lib/gcc/arm-none-eabi/4.8.4/armv7e-m/fpu/crtend.o
 .eh_frame      0x00000000        0x4 d:/freescale/kds_v3/toolchain/bin/../lib/gcc/arm-none-eabi/4.8.4/armv7e-m/fpu/crtend.o
 .jcr           0x00000000        0x4 d:/freescale/kds_v3/toolchain/bin/../lib/gcc/arm-none-eabi/4.8.4/armv7e-m/fpu/crtend.o
 .ARM.attributes
                0x00000000       0x34 d:/freescale/kds_v3/toolchain/bin/../lib/gcc/arm-none-eabi/4.8.4/armv7e-m/fpu/crtend.o
 .text          0x00000000        0x0 d:/freescale/kds_v3/toolchain/bin/../lib/gcc/arm-none-eabi/4.8.4/armv7e-m/fpu/crtn.o
 .data          0x00000000        0x0 d:/freescale/kds_v3/toolchain/bin/../lib/gcc/arm-none-eabi/4.8.4/armv7e-m/fpu/crtn.o
 .bss           0x00000000        0x0 d:/freescale/kds_v3/toolchain/bin/../lib/gcc/arm-none-eabi/4.8.4/armv7e-m/fpu/crtn.o

Memory Configuration

Name             Origin             Length             Attributes
m_interrupts     0x00000000         0x000001e8         xr
m_text           0x00000410         0x000ffbf0         xr
m_data           0x1fff0000         0x00010000         rw
m_data_20000000  0x20000000         0x00010000         rw
m_cfmprotrom     0x00000400         0x00000010         xr
*default*        0x00000000         0xffffffff

Linker script and memory map

LOAD d:/freescale/kds_v3/toolchain/bin/../lib/gcc/arm-none-eabi/4.8.4/armv7e-m/fpu/crti.o
LOAD d:/freescale/kds_v3/toolchain/bin/../lib/gcc/arm-none-eabi/4.8.4/armv7e-m/fpu/crtbegin.o
LOAD d:/freescale/kds_v3/toolchain/bin/../lib/gcc/arm-none-eabi/4.8.4/../../../../arm-none-eabi/lib/armv7e-m/fpu/crt0.o
LOAD ./Sources/FIFO.o
LOAD ./Sources/UART.o
LOAD ./Sources/main.o
LOAD ./Sources/packet.o
LOAD ./Project_Settings/Startup_Code/startup.o
LOAD ./Generated_Code/Cpu.o
LOAD ./Generated_Code/Vectors.o
LOAD d:/freescale/kds_v3/toolchain/bin/../lib/gcc/arm-none-eabi/4.8.4/../../../../arm-none-eabi/lib/armv7e-m/fpu\libstdc++_s.a
LOAD d:/freescale/kds_v3/toolchain/bin/../lib/gcc/arm-none-eabi/4.8.4/../../../../arm-none-eabi/lib/armv7e-m/fpu\libm.a
START GROUP
LOAD d:/freescale/kds_v3/toolchain/bin/../lib/gcc/arm-none-eabi/4.8.4/armv7e-m/fpu\libgcc.a
LOAD d:/freescale/kds_v3/toolchain/bin/../lib/gcc/arm-none-eabi/4.8.4/../../../../arm-none-eabi/lib/armv7e-m/fpu\libg_s.a
LOAD d:/freescale/kds_v3/toolchain/bin/../lib/gcc/arm-none-eabi/4.8.4/../../../../arm-none-eabi/lib/armv7e-m/fpu\libc_s.a
END GROUP
START GROUP
LOAD d:/freescale/kds_v3/toolchain/bin/../lib/gcc/arm-none-eabi/4.8.4/armv7e-m/fpu\libgcc.a
LOAD d:/freescale/kds_v3/toolchain/bin/../lib/gcc/arm-none-eabi/4.8.4/../../../../arm-none-eabi/lib/armv7e-m/fpu\libc_s.a
LOAD d:/freescale/kds_v3/toolchain/bin/../lib/gcc/arm-none-eabi/4.8.4/../../../../arm-none-eabi/lib/armv7e-m/fpu\libnosys.a
END GROUP
START GROUP
LOAD d:/freescale/kds_v3/toolchain/bin/../lib/gcc/arm-none-eabi/4.8.4/armv7e-m/fpu\libgcc.a
LOAD d:/freescale/kds_v3/toolchain/bin/../lib/gcc/arm-none-eabi/4.8.4/../../../../arm-none-eabi/lib/armv7e-m/fpu\libc_s.a
LOAD d:/freescale/kds_v3/toolchain/bin/../lib/gcc/arm-none-eabi/4.8.4/../../../../arm-none-eabi/lib/armv7e-m/fpu\libnosys.a
END GROUP
LOAD d:/freescale/kds_v3/toolchain/bin/../lib/gcc/arm-none-eabi/4.8.4/armv7e-m/fpu/crtend.o
LOAD d:/freescale/kds_v3/toolchain/bin/../lib/gcc/arm-none-eabi/4.8.4/armv7e-m/fpu/crtn.o
                0x20000000                _estack = 0x20000000
                0x20000000                __SP_INIT = _estack
                0x20000000                __stack = _estack
                0x00000000                __heap_size = 0x0
                0x00000400                __stack_size = 0x400

.interrupts     0x00000000      0x1e8
                0x00000000                __vector_table = .
                0x00000000                . = ALIGN (0x4)
 *(.vectortable)
 .vectortable   0x00000000      0x1e8 ./Generated_Code/Vectors.o
                0x00000000                __vect_table
                0x000001e8                . = ALIGN (0x4)

.cfmprotect     0x00000400       0x10
                0x00000400                . = ALIGN (0x4)
 *(.cfmconfig)
 .cfmconfig     0x00000400       0x10 ./Generated_Code/Cpu.o
                0x00000400                _cfm
                0x00000410                . = ALIGN (0x4)

.text           0x00000410      0xc74
                0x00000410                . = ALIGN (0x4)
 *(.text)
 .text          0x00000410       0x54 d:/freescale/kds_v3/toolchain/bin/../lib/gcc/arm-none-eabi/4.8.4/armv7e-m/fpu/crtbegin.o
 .text          0x00000464       0x74 d:/freescale/kds_v3/toolchain/bin/../lib/gcc/arm-none-eabi/4.8.4/../../../../arm-none-eabi/lib/armv7e-m/fpu/crt0.o
                0x00000464                _start
                0x00000464                _mainCRTStartup
 *(.text*)
 .text.FIFO_Init
                0x000004d8       0x2c ./Sources/FIFO.o
                0x000004d8                FIFO_Init
 .text.FIFO_Put
                0x00000504       0x60 ./Sources/FIFO.o
                0x00000504                FIFO_Put
 .text.FIFO_Get
                0x00000564       0x60 ./Sources/FIFO.o
                0x00000564                FIFO_Get
 .text.UART_Init
                0x000005c4       0xb8 ./Sources/UART.o
                0x000005c4                UART_Init
 .text.UART_InChar
                0x0000067c       0x20 ./Sources/UART.o
                0x0000067c                UART_InChar
 .text.UART_OutChar
                0x0000069c       0x24 ./Sources/UART.o
                0x0000069c                UART_OutChar
 .text.UART_Poll
                0x000006c0       0x48 ./Sources/UART.o
                0x000006c0                UART_Poll
 .text.main     0x00000708       0x3c ./Sources/main.o
                0x00000708                main
 .text.StartupPackets
                0x00000744       0x38 ./Sources/main.o
                0x00000744                StartupPackets
 .text.PacketHandler
                0x0000077c      0x240 ./Sources/main.o
                0x0000077c                PacketHandler
 .text.Packet_Init
                0x000009bc       0x1c ./Sources/packet.o
                0x000009bc                Packet_Init
 .text.Packet_Get
                0x000009d8      0x11c ./Sources/packet.o
                0x000009d8                Packet_Get
 .text.Packet_Put
                0x00000af4       0xa4 ./Sources/packet.o
                0x00000af4                Packet_Put
 .text.__copy_rom_section
                0x00000b98       0xe4 ./Project_Settings/Startup_Code/startup.o
                0x00000b98                __copy_rom_section
 .text.__copy_rom_sections_to_ram
                0x00000c7c       0x9c ./Project_Settings/Startup_Code/startup.o
                0x00000c7c                __copy_rom_sections_to_ram
 .text.__init_registers
                0x00000d18       0x20 ./Project_Settings/Startup_Code/startup.o
                0x00000d18                __init_registers
 .text.__init_user
                0x00000d38        0xc ./Project_Settings/Startup_Code/startup.o
                0x00000d38                __init_user
 .text.__thumb_startup
                0x00000d44       0x34 ./Project_Settings/Startup_Code/startup.o
                0x00000d44                __thumb_startup
 .text.Cpu_Interrupt
                0x00000d78       0x18 ./Generated_Code/Cpu.o
                0x00000d78                Cpu_Interrupt
 .text.__init_hardware
                0x00000d90      0x150 ./Generated_Code/Cpu.o
                0x00000d90                __init_hardware
 .text.Cpu_SetBASEPRI
                0x00000ee0       0x18 ./Generated_Code/Cpu.o
                0x00000ee0                Cpu_SetBASEPRI
 .text.PE_low_level_init
                0x00000ef8       0xe4 ./Generated_Code/Cpu.o
                0x00000ef8                PE_low_level_init
 .text.exit     0x00000fdc       0x28 d:/freescale/kds_v3/toolchain/bin/../lib/gcc/arm-none-eabi/4.8.4/../../../../arm-none-eabi/lib/armv7e-m/fpu\libg_s.a(lib_a-exit.o)
                0x00000fdc                exit
 .text.__libc_init_array
                0x00001004       0x4c d:/freescale/kds_v3/toolchain/bin/../lib/gcc/arm-none-eabi/4.8.4/../../../../arm-none-eabi/lib/armv7e-m/fpu\libg_s.a(lib_a-init.o)
                0x00001004                __libc_init_array
 .text.memset   0x00001050       0x10 d:/freescale/kds_v3/toolchain/bin/../lib/gcc/arm-none-eabi/4.8.4/../../../../arm-none-eabi/lib/armv7e-m/fpu\libg_s.a(lib_a-memset.o)
                0x00001050                memset
 .text._exit    0x00001060        0x4 d:/freescale/kds_v3/toolchain/bin/../lib/gcc/arm-none-eabi/4.8.4/../../../../arm-none-eabi/lib/armv7e-m/fpu\libnosys.a(_exit.o)
                0x00001060                _exit
 *(.rodata)
 *(.rodata*)
 .rodata.str1.1
                0x00001064        0x2 d:/freescale/kds_v3/toolchain/bin/../lib/gcc/arm-none-eabi/4.8.4/../../../../arm-none-eabi/lib/armv7e-m/fpu\libg_s.a(lib_a-impure.o)
 *fill*         0x00001066        0x2 
 .rodata._global_impure_ptr
                0x00001068        0x4 d:/freescale/kds_v3/toolchain/bin/../lib/gcc/arm-none-eabi/4.8.4/../../../../arm-none-eabi/lib/armv7e-m/fpu\libg_s.a(lib_a-impure.o)
                0x00001068                _global_impure_ptr
 *(.glue_7)
 .glue_7        0x00000000        0x0 linker stubs
 *(.glue_7t)
 .glue_7t       0x00000000        0x0 linker stubs
 *(.eh_frame)
 .eh_frame      0x0000106c        0x0 d:/freescale/kds_v3/toolchain/bin/../lib/gcc/arm-none-eabi/4.8.4/armv7e-m/fpu/crtbegin.o
 *(.init)
 .init          0x0000106c        0x4 d:/freescale/kds_v3/toolchain/bin/../lib/gcc/arm-none-eabi/4.8.4/armv7e-m/fpu/crti.o
                0x0000106c                _init
 .init          0x00001070        0x8 d:/freescale/kds_v3/toolchain/bin/../lib/gcc/arm-none-eabi/4.8.4/armv7e-m/fpu/crtn.o
 *(.fini)
 .fini          0x00001078        0x4 d:/freescale/kds_v3/toolchain/bin/../lib/gcc/arm-none-eabi/4.8.4/armv7e-m/fpu/crti.o
                0x00001078                _fini
 .fini          0x0000107c        0x8 d:/freescale/kds_v3/toolchain/bin/../lib/gcc/arm-none-eabi/4.8.4/armv7e-m/fpu/crtn.o
                0x00001084                . = ALIGN (0x4)
                0x00001084                _etext = .

.vfp11_veneer   0x00001084        0x0
 .vfp11_veneer  0x00000000        0x0 linker stubs

.v4_bx          0x00001084        0x0
 .v4_bx         0x00000000        0x0 linker stubs

.iplt           0x00001084        0x0
 .iplt          0x00000000        0x0 d:/freescale/kds_v3/toolchain/bin/../lib/gcc/arm-none-eabi/4.8.4/armv7e-m/fpu/crtbegin.o

.ARM.extab
 *(.ARM.extab* .gnu.linkonce.armextab.*)

.ARM            0x00001084        0x8
                0x00001084                __exidx_start = .
 *(.ARM.exidx*)
 .ARM.exidx     0x00001084        0x8 d:/freescale/kds_v3/toolchain/bin/../lib/gcc/arm-none-eabi/4.8.4/../../../../arm-none-eabi/lib/armv7e-m/fpu/crt0.o
                0x0000108c                __exidx_end = .

.rel.dyn        0x0000108c        0x0
 .rel.iplt      0x00000000        0x0 d:/freescale/kds_v3/toolchain/bin/../lib/gcc/arm-none-eabi/4.8.4/armv7e-m/fpu/crtbegin.o

.ctors          0x0000108c        0x0
                0x0000108c                __CTOR_LIST__ = .
 *crtbegin.o(.ctors)
 *(EXCLUDE_FILE(*crtend.o) .ctors)
 *(SORT(.ctors.*))
 *(.ctors)
                0x0000108c                __CTOR_END__ = .

.dtors          0x0000108c        0x0
                0x0000108c                __DTOR_LIST__ = .
 *crtbegin.o(.dtors)
 *(EXCLUDE_FILE(*crtend.o) .dtors)
 *(SORT(.dtors.*))
 *(.dtors)
                0x0000108c                __DTOR_END__ = .

.preinit_array  0x0000108c        0x0
                0x0000108c                PROVIDE (__preinit_array_start, .)
 *(.preinit_array*)
                0x0000108c                PROVIDE (__preinit_array_end, .)

.init_array     0x0000108c        0x4
                0x0000108c                PROVIDE (__init_array_start, .)
 *(SORT(.init_array.*))
 *(.init_array*)
 .init_array    0x0000108c        0x4 d:/freescale/kds_v3/toolchain/bin/../lib/gcc/arm-none-eabi/4.8.4/armv7e-m/fpu/crtbegin.o
                0x00001090                PROVIDE (__init_array_end, .)

.fini_array     0x00001090        0x4
                0x00001090                PROVIDE (__fini_array_start, .)
 *(SORT(.fini_array.*))
 *(.fini_array*)
 .fini_array    0x00001090        0x4 d:/freescale/kds_v3/toolchain/bin/../lib/gcc/arm-none-eabi/4.8.4/armv7e-m/fpu/crtbegin.o
                0x00001094                PROVIDE (__fini_array_end, .)
                0x00001094                ___ROM_AT = .

.data           0x1fff0000       0x64 load address 0x00001094
                0x1fff0000                . = ALIGN (0x4)
                0x1fff0000                _sdata = .
 *(.data)
 *(.data*)
 .data.Lsb      0x1fff0000        0x1 ./Sources/main.o
                0x1fff0000                Lsb
 .data.Msb      0x1fff0001        0x1 ./Sources/main.o
                0x1fff0001                Msb
 *fill*         0x1fff0002        0x2 
 .data.impure_data
                0x1fff0004       0x60 d:/freescale/kds_v3/toolchain/bin/../lib/gcc/arm-none-eabi/4.8.4/../../../../arm-none-eabi/lib/armv7e-m/fpu\libg_s.a(lib_a-impure.o)
                0x1fff0064                . = ALIGN (0x4)
                0x1fff0064                _edata = .
                0x00000064                ___data_size = (_edata - _sdata)
                0x000010f8                ___m_data_20000000_ROMStart = (___ROM_AT + SIZEOF (.data))

.jcr            0x1fff0064        0x0 load address 0x000010f8
 .jcr           0x1fff0064        0x0 d:/freescale/kds_v3/toolchain/bin/../lib/gcc/arm-none-eabi/4.8.4/armv7e-m/fpu/crtbegin.o

.igot.plt       0x1fff0064        0x0 load address 0x000010f8
 .igot.plt      0x00000000        0x0 d:/freescale/kds_v3/toolchain/bin/../lib/gcc/arm-none-eabi/4.8.4/armv7e-m/fpu/crtbegin.o

.m_data_20000000
                0x20000000        0x0 load address 0x000010f8
                0x20000000                . = ALIGN (0x4)
                0x20000000                ___m_data_20000000_RAMStart = .
 *(.m_data_20000000)
                0x20000000                ___m_data_20000000_RAMEnd = .
                0x20000000                . = ALIGN (0x4)
                0x00000000                ___m_data_20000000_ROMSize = (___m_data_20000000_RAMEnd - ___m_data_20000000_RAMStart)
                0x20000000                . = ALIGN (0x4)

.bss            0x1fff0064      0x234 load address 0x000010f8
                0x1fff0064                __START_BSS = .
                0x1fff0064                PROVIDE (__bss_start__, __START_BSS)
 *(.bss)
 .bss           0x1fff0064       0x1c d:/freescale/kds_v3/toolchain/bin/../lib/gcc/arm-none-eabi/4.8.4/armv7e-m/fpu/crtbegin.o
 *(.bss*)
 .bss.TxFIFO    0x1fff0080      0x108 ./Sources/UART.o
 .bss.RxFIFO    0x1fff0188      0x108 ./Sources/UART.o
 .bss.packetComplete.4049
                0x1fff0290        0x1 ./Sources/packet.o
 *(COMMON)
 COMMON         0x1fff0291        0x5 ./Sources/packet.o
                0x1fff0291                Packet_Parameter1
                0x1fff0292                Packet_Parameter3
                0x1fff0293                Packet_Command
                0x1fff0294                Packet_Parameter2
                0x1fff0295                Packet_Checksum
                0x1fff0298                . = ALIGN (0x4)
 *fill*         0x1fff0296        0x2 
                0x1fff0298                __END_BSS = .
                0x1fff0298                PROVIDE (__bss_end__, __END_BSS)
                0x000010f8                _romp_at = ((___ROM_AT + SIZEOF (.data)) + SIZEOF (.m_data_20000000))

.romp           0x1fff0298       0x24 load address 0x000010f8
                0x000010f8                __S_romp = _romp_at
                0x1fff0298        0x4 LONG 0x1094 ___ROM_AT
                0x1fff029c        0x4 LONG 0x1fff0000 _sdata
                0x1fff02a0        0x4 LONG 0x64 ___data_size
                0x1fff02a4        0x4 LONG 0x10f8 ___m_data_20000000_ROMStart
                0x1fff02a8        0x4 LONG 0x20000000 ___m_data_20000000_RAMStart
                0x1fff02ac        0x4 LONG 0x0 ___m_data_20000000_ROMSize
                0x1fff02b0        0x4 LONG 0x0
                0x1fff02b4        0x4 LONG 0x0
                0x1fff02b8        0x4 LONG 0x0

._user_heap_stack
                0x1fff02bc      0x400 load address 0x0000111c
                0x1fff02bc                . = ALIGN (0x4)
                0x1fff02bc                PROVIDE (end, .)
                0x1fff02bc                PROVIDE (_end, .)
                0x1fff02bc                __heap_addr = .
                0x1fff02bc                __HeapBase = .
                0x1fff02bc                . = (. + __heap_size)
                0x1fff02bc                __HeapLimit = .
                0x1fff06bc                . = (. + __stack_size)
 *fill*         0x1fff02bc      0x400 
                0x1fff06bc                . = ALIGN (0x4)

.ARM.attributes
                0x00000000       0x30
 *(.ARM.attributes)
 .ARM.attributes
                0x00000000       0x22 d:/freescale/kds_v3/toolchain/bin/../lib/gcc/arm-none-eabi/4.8.4/armv7e-m/fpu/crti.o
 .ARM.attributes
                0x00000022       0x34 d:/freescale/kds_v3/toolchain/bin/../lib/gcc/arm-none-eabi/4.8.4/armv7e-m/fpu/crtbegin.o
 .ARM.attributes
                0x00000056       0x20 d:/freescale/kds_v3/toolchain/bin/../lib/gcc/arm-none-eabi/4.8.4/../../../../arm-none-eabi/lib/armv7e-m/fpu/crt0.o
 .ARM.attributes
                0x00000076       0x39 ./Sources/FIFO.o
 .ARM.attributes
                0x000000af       0x39 ./Sources/UART.o
 .ARM.attributes
                0x000000e8       0x39 ./Sources/main.o
 .ARM.attributes
                0x00000121       0x39 ./Sources/packet.o
 .ARM.attributes
                0x0000015a       0x39 ./Project_Settings/Startup_Code/startup.o
 .ARM.attributes
                0x00000193       0x39 ./Generated_Code/Cpu.o
 .ARM.attributes
                0x000001cc       0x39 ./Generated_Code/Vectors.o
 .ARM.attributes
                0x00000205       0x34 d:/freescale/kds_v3/toolchain/bin/../lib/gcc/arm-none-eabi/4.8.4/../../../../arm-none-eabi/lib/armv7e-m/fpu\libg_s.a(lib_a-exit.o)
 .ARM.attributes
                0x00000239       0x34 d:/freescale/kds_v3/toolchain/bin/../lib/gcc/arm-none-eabi/4.8.4/../../../../arm-none-eabi/lib/armv7e-m/fpu\libg_s.a(lib_a-impure.o)
 .ARM.attributes
                0x0000026d       0x34 d:/freescale/kds_v3/toolchain/bin/../lib/gcc/arm-none-eabi/4.8.4/../../../../arm-none-eabi/lib/armv7e-m/fpu\libg_s.a(lib_a-init.o)
 .ARM.attributes
                0x000002a1       0x34 d:/freescale/kds_v3/toolchain/bin/../lib/gcc/arm-none-eabi/4.8.4/../../../../arm-none-eabi/lib/armv7e-m/fpu\libg_s.a(lib_a-memset.o)
 .ARM.attributes
                0x000002d5       0x34 d:/freescale/kds_v3/toolchain/bin/../lib/gcc/arm-none-eabi/4.8.4/../../../../arm-none-eabi/lib/armv7e-m/fpu\libnosys.a(_exit.o)
 .ARM.attributes
                0x00000309       0x22 d:/freescale/kds_v3/toolchain/bin/../lib/gcc/arm-none-eabi/4.8.4/armv7e-m/fpu/crtn.o
OUTPUT(Project.elf elf32-littlearm)

.debug_info     0x00000000     0x1d16
 .debug_info    0x00000000      0x1ba ./Sources/FIFO.o
 .debug_info    0x000001ba      0x7d5 ./Sources/UART.o
 .debug_info    0x0000098f      0x167 ./Sources/main.o
 .debug_info    0x00000af6      0x1d8 ./Sources/packet.o
 .debug_info    0x00000cce      0x3b0 ./Project_Settings/Startup_Code/startup.o
 .debug_info    0x0000107e      0xb89 ./Generated_Code/Cpu.o
 .debug_info    0x00001c07      0x10f ./Generated_Code/Vectors.o

.debug_abbrev   0x00000000      0x748
 .debug_abbrev  0x00000000       0xb9 ./Sources/FIFO.o
 .debug_abbrev  0x000000b9      0x19a ./Sources/UART.o
 .debug_abbrev  0x00000253       0xb7 ./Sources/main.o
 .debug_abbrev  0x0000030a       0x8c ./Sources/packet.o
 .debug_abbrev  0x00000396      0x189 ./Project_Settings/Startup_Code/startup.o
 .debug_abbrev  0x0000051f      0x185 ./Generated_Code/Cpu.o
 .debug_abbrev  0x000006a4       0xa4 ./Generated_Code/Vectors.o

.debug_aranges  0x00000000      0x168
 .debug_aranges
                0x00000000       0x30 ./Sources/FIFO.o
 .debug_aranges
                0x00000030       0x38 ./Sources/UART.o
 .debug_aranges
                0x00000068       0x30 ./Sources/main.o
 .debug_aranges
                0x00000098       0x30 ./Sources/packet.o
 .debug_aranges
                0x000000c8       0x50 ./Project_Settings/Startup_Code/startup.o
 .debug_aranges
                0x00000118       0x38 ./Generated_Code/Cpu.o
 .debug_aranges
                0x00000150       0x18 ./Generated_Code/Vectors.o

.debug_ranges   0x00000000       0xf0
 .debug_ranges  0x00000000       0x20 ./Sources/FIFO.o
 .debug_ranges  0x00000020       0x28 ./Sources/UART.o
 .debug_ranges  0x00000048       0x20 ./Sources/main.o
 .debug_ranges  0x00000068       0x20 ./Sources/packet.o
 .debug_ranges  0x00000088       0x40 ./Project_Settings/Startup_Code/startup.o
 .debug_ranges  0x000000c8       0x28 ./Generated_Code/Cpu.o

.debug_macro    0x00000000    0x31ec5
 .debug_macro   0x00000000       0x6b ./Sources/FIFO.o
 .debug_macro   0x0000006b      0x850 ./Sources/FIFO.o
 .debug_macro   0x000008bb       0x16 ./Sources/FIFO.o
 .debug_macro   0x000008d1       0x44 ./Sources/FIFO.o
 .debug_macro   0x00000915      0x209 ./Sources/FIFO.o
 .debug_macro   0x00000b1e       0x22 ./Sources/FIFO.o
 .debug_macro   0x00000b40       0xaf ./Sources/UART.o
 .debug_macro   0x00000bef     0x17fa ./Sources/UART.o
 .debug_macro   0x000023e9      0x14e ./Sources/UART.o
 .debug_macro   0x00002537       0x64 ./Sources/UART.o
 .debug_macro   0x0000259b    0x174c1 ./Sources/UART.o
 .debug_macro   0x00019a5c       0x8e ./Sources/UART.o
 .debug_macro   0x00019aea       0x10 ./Sources/UART.o
 .debug_macro   0x00019afa       0xbd ./Sources/main.o
 .debug_macro   0x00019bb7       0x70 ./Sources/main.o
 .debug_macro   0x00019c27       0x68 ./Sources/packet.o
 .debug_macro   0x00019c8f       0x76 ./Sources/packet.o
 .debug_macro   0x00019d05      0x121 ./Project_Settings/Startup_Code/startup.o
 .debug_macro   0x00019e26       0x58 ./Project_Settings/Startup_Code/startup.o
 .debug_macro   0x00019e7e       0x35 ./Project_Settings/Startup_Code/startup.o
 .debug_macro   0x00019eb3       0xa3 ./Project_Settings/Startup_Code/startup.o
 .debug_macro   0x00019f56      0x166 ./Project_Settings/Startup_Code/startup.o
 .debug_macro   0x0001a0bc       0x4a ./Project_Settings/Startup_Code/startup.o
 .debug_macro   0x0001a106       0x52 ./Project_Settings/Startup_Code/startup.o
 .debug_macro   0x0001a158       0x16 ./Project_Settings/Startup_Code/startup.o
 .debug_macro   0x0001a16e       0x43 ./Project_Settings/Startup_Code/startup.o
 .debug_macro   0x0001a1b1      0x180 ./Project_Settings/Startup_Code/startup.o
 .debug_macro   0x0001a331      0x2a6 ./Project_Settings/Startup_Code/startup.o
 .debug_macro   0x0001a5d7       0x10 ./Project_Settings/Startup_Code/startup.o
 .debug_macro   0x0001a5e7       0x35 ./Project_Settings/Startup_Code/startup.o
 .debug_macro   0x0001a61c       0x16 ./Project_Settings/Startup_Code/startup.o
 .debug_macro   0x0001a632       0x22 ./Project_Settings/Startup_Code/startup.o
 .debug_macro   0x0001a654       0x16 ./Project_Settings/Startup_Code/startup.o
 .debug_macro   0x0001a66a      0x20f ./Project_Settings/Startup_Code/startup.o
 .debug_macro   0x0001a879    0x174af ./Project_Settings/Startup_Code/startup.o
 .debug_macro   0x00031d28       0x84 ./Generated_Code/Cpu.o
 .debug_macro   0x00031dac       0x94 ./Generated_Code/Cpu.o
 .debug_macro   0x00031e40       0x85 ./Generated_Code/Vectors.o

.debug_line     0x00000000     0x10cd
 .debug_line    0x00000000      0x1bb ./Sources/FIFO.o
 .debug_line    0x000001bb      0x28f ./Sources/UART.o
 .debug_line    0x0000044a      0x2b1 ./Sources/main.o
 .debug_line    0x000006fb      0x1dc ./Sources/packet.o
 .debug_line    0x000008d7      0x3b9 ./Project_Settings/Startup_Code/startup.o
 .debug_line    0x00000c90      0x25a ./Generated_Code/Cpu.o
 .debug_line    0x00000eea      0x1e3 ./Generated_Code/Vectors.o

.debug_str      0x00000000    0x8d345
 .debug_str     0x00000000     0x2e80 ./Sources/FIFO.o
                               0x2fe5 (size before relaxing)
 .debug_str     0x00002e80    0x878f0 ./Sources/UART.o
                              0x8a8b6 (size before relaxing)
 .debug_str     0x0008a770      0x279 ./Sources/main.o
                              0x8a882 (size before relaxing)
 .debug_str     0x0008a9e9       0x86 ./Sources/packet.o
                               0x3201 (size before relaxing)
 .debug_str     0x0008aa6f     0x2668 ./Project_Settings/Startup_Code/startup.o
                              0x853ea (size before relaxing)
 .debug_str     0x0008d0d7      0x252 ./Generated_Code/Cpu.o
                              0x8a9bb (size before relaxing)
 .debug_str     0x0008d329       0x1c ./Generated_Code/Vectors.o
                              0x8a603 (size before relaxing)

.comment        0x00000000       0x70
 .comment       0x00000000       0x70 ./Sources/FIFO.o
                                 0x71 (size before relaxing)
 .comment       0x00000000       0x71 ./Sources/UART.o
 .comment       0x00000000       0x71 ./Sources/main.o
 .comment       0x00000000       0x71 ./Sources/packet.o
 .comment       0x00000000       0x71 ./Project_Settings/Startup_Code/startup.o
 .comment       0x00000000       0x71 ./Generated_Code/Cpu.o
 .comment       0x00000000       0x71 ./Generated_Code/Vectors.o

.debug_frame    0x00000000      0x3a0
 .debug_frame   0x00000000       0x64 ./Sources/FIFO.o
 .debug_frame   0x00000064       0x8c ./Sources/UART.o
 .debug_frame   0x000000f0       0x6c ./Sources/main.o
 .debug_frame   0x0000015c       0x70 ./Sources/packet.o
 .debug_frame   0x000001cc       0xc0 ./Project_Settings/Startup_Code/startup.o
 .debug_frame   0x0000028c       0x80 ./Generated_Code/Cpu.o
 .debug_frame   0x0000030c       0x28 d:/freescale/kds_v3/toolchain/bin/../lib/gcc/arm-none-eabi/4.8.4/../../../../arm-none-eabi/lib/armv7e-m/fpu\libg_s.a(lib_a-exit.o)
 .debug_frame   0x00000334       0x2c d:/freescale/kds_v3/toolchain/bin/../lib/gcc/arm-none-eabi/4.8.4/../../../../arm-none-eabi/lib/armv7e-m/fpu\libg_s.a(lib_a-init.o)
 .debug_frame   0x00000360       0x20 d:/freescale/kds_v3/toolchain/bin/../lib/gcc/arm-none-eabi/4.8.4/../../../../arm-none-eabi/lib/armv7e-m/fpu\libg_s.a(lib_a-memset.o)
 .debug_frame   0x00000380       0x20 d:/freescale/kds_v3/toolchain/bin/../lib/gcc/arm-none-eabi/4.8.4/../../../../arm-none-eabi/lib/armv7e-m/fpu\libnosys.a(_exit.o)
